// Jest Snapshot v1, https://goo.gl/fbAQLP

exports[`ThemesOverview Page: matches snapshot 1`] = `
<div
  id="overviewWrapper"
>
  <button>
    
        1  
    
  </button>
  <button>
    
        2  
    
  </button>
  <button>
    
        3  
    
  </button>
</div>
`;
